../Core/Src/ads1118.c:11:6:cs_low_stm	16	static
../Core/Src/ads1118.c:15:6:cs_high_stm	16	static
../Core/Src/ads1118.c:19:6:initADS	24	static
../Core/Src/ads1118.c:43:6:editConfig	32	static
../Core/Src/ads1118.c:57:6:resetConfig	24	static
../Core/Src/ads1118.c:66:6:enableSingleshot	24	static
../Core/Src/ads1118.c:73:6:enableContinuousConversion	24	static
../Core/Src/ads1118.c:80:6:enableADCSensor	24	static
../Core/Src/ads1118.c:87:6:enableTempSensor	24	static
../Core/Src/ads1118.c:94:6:singleshotRead	48	static
../Core/Src/ads1118.c:137:6:continuousRead	40	static
../Core/Src/ads1118.c:160:6:enableAINPN_0_1	24	static
../Core/Src/ads1118.c:167:6:enableAINPN_0_3	24	static
../Core/Src/ads1118.c:174:6:enableAINPN_1_3	24	static
../Core/Src/ads1118.c:181:6:enableAINPN_2_3	24	static
../Core/Src/ads1118.c:188:6:enableAINPN_0_G	24	static
../Core/Src/ads1118.c:194:6:enableAINPN_1_G	24	static
../Core/Src/ads1118.c:201:6:enableAINPN_2_G	24	static
../Core/Src/ads1118.c:208:6:enableAINPN_3_G	24	static
../Core/Src/ads1118.c:216:6:enableFSR_6144	24	static
../Core/Src/ads1118.c:227:6:enableFSR_4096	24	static
../Core/Src/ads1118.c:238:6:enableFSR_2048	24	static
../Core/Src/ads1118.c:249:6:enableFSR_1024	24	static
../Core/Src/ads1118.c:260:6:enableFSR_0512	24	static
../Core/Src/ads1118.c:271:6:enableFSR_0256	24	static
../Core/Src/ads1118.c:283:6:enableSPS_8	24	static
../Core/Src/ads1118.c:294:6:enableSPS_16	24	static
../Core/Src/ads1118.c:306:6:enableSPS_32	24	static
../Core/Src/ads1118.c:317:6:enableSPS_64	24	static
../Core/Src/ads1118.c:328:6:enableSPS_128	24	static
../Core/Src/ads1118.c:339:6:enableSPS_250	24	static
../Core/Src/ads1118.c:350:6:enableSPS_475	24	static
../Core/Src/ads1118.c:361:6:enableSPS_860	24	static
../Core/Src/ads1118.c:373:7:parseVoltage	24	static
../Core/Src/ads1118.c:378:7:parseTemp	24	static
